The system is: Darwin - 25.4.0 - arm64
Compiling the CXX compiler identification source file "CMakeCXXCompilerId.cpp" succeeded.
Compiler: /opt/homebrew/bin/g++-15 
Build flags: 
Id flags:  

The output was:
0


Compilation of the CXX compiler identification source "CMakeCXXCompilerId.cpp" produced "a.out"

The CXX compiler identification is GNU, found in "/Users/hilays79/Fourier_Space/codes/PFB_cpp/build/CMakeFiles/3.24.4/CompilerIdCXX/a.out"

Detecting CXX compiler ABI info compiled with the following output:
Change Dir: /Users/hilays79/Fourier_Space/codes/PFB_cpp/build/CMakeFiles/CMakeTmp

Run Build Command(s):/usr/bin/make -f Makefile cmTC_e387d/fast && /Library/Developer/CommandLineTools/usr/bin/make  -f CMakeFiles/cmTC_e387d.dir/build.make CMakeFiles/cmTC_e387d.dir/build
Building CXX object CMakeFiles/cmTC_e387d.dir/CMakeCXXCompilerABI.cpp.o
/opt/homebrew/bin/g++-15   -arch arm64 -isysroot /Library/Developer/CommandLineTools/SDKs/MacOSX26.4.sdk   -v -Wl,-v -o CMakeFiles/cmTC_e387d.dir/CMakeCXXCompilerABI.cpp.o -c /opt/local/share/cmake-3.24/Modules/CMakeCXXCompilerABI.cpp
Using built-in specs.
COLLECT_GCC=/opt/homebrew/bin/g++-15
Target: aarch64-apple-darwin25
Configured with: ../configure --prefix=/opt/homebrew/opt/gcc --libdir=/opt/homebrew/opt/gcc/lib/gcc/current --disable-nls --enable-checking=release --with-gcc-major-version-only --enable-languages=c,c++,objc,obj-c++,fortran --program-suffix=-15 --with-gmp=/opt/homebrew/opt/gmp --with-mpfr=/opt/homebrew/opt/mpfr --with-mpc=/opt/homebrew/opt/libmpc --with-isl=/opt/homebrew/opt/isl --with-zstd=/opt/homebrew/opt/zstd --with-pkgversion='Homebrew GCC 15.2.0_1' --with-bugurl=https://github.com/Homebrew/homebrew-core/issues --with-system-zlib --build=aarch64-apple-darwin25 --with-sysroot=/Library/Developer/CommandLineTools/SDKs/MacOSX26.sdk
Thread model: posix
Supported LTO compression algorithms: zlib zstd
gcc version 15.2.0 (Homebrew GCC 15.2.0_1) 
COLLECT_GCC_OPTIONS='-isysroot' '/Library/Developer/CommandLineTools/SDKs/MacOSX26.4.sdk' '-v' '-o' 'CMakeFiles/cmTC_e387d.dir/CMakeCXXCompilerABI.cpp.o' '-c' '-mmacosx-version-min=26.0.0' '-asm_macosx_version_min=26.0' '-nodefaultexport' '-mcpu=apple-m1' '-mlittle-endian' '-mabi=lp64' '-dumpdir' 'CMakeFiles/cmTC_e387d.dir/'
 /opt/homebrew/Cellar/gcc/15.2.0_1/bin/../libexec/gcc/aarch64-apple-darwin25/15/cc1plus -quiet -v -iprefix /opt/homebrew/Cellar/gcc/15.2.0_1/bin/../lib/gcc/current/gcc/aarch64-apple-darwin25/15/ -D__DYNAMIC__ -isysroot /Library/Developer/CommandLineTools/SDKs/MacOSX26.4.sdk /opt/local/share/cmake-3.24/Modules/CMakeCXXCompilerABI.cpp -fPIC -quiet -dumpdir CMakeFiles/cmTC_e387d.dir/ -dumpbase CMakeCXXCompilerABI.cpp.cpp -dumpbase-ext .cpp -mmacosx-version-min=26.0.0 -mcpu=apple-m1 -mlittle-endian -mabi=lp64 -version -o /var/folders/x4/2m4tyfh17tn83fvyv_wysqgh0000gq/T//ccQ92bct.s
GNU C++17 (Homebrew GCC 15.2.0_1) version 15.2.0 (aarch64-apple-darwin25)
	compiled by GNU C version 15.2.0, GMP version 6.3.0, MPFR version 4.2.2, MPC version 1.3.1, isl version isl-0.27-GMP

warning: MPC header version 1.3.1 differs from library version 1.4.1.
GGC heuristics: --param ggc-min-expand=100 --param ggc-min-heapsize=131072
ignoring nonexistent directory "/opt/homebrew/Cellar/gcc/15.2.0_1/bin/../lib/gcc/current/gcc/aarch64-apple-darwin25/15/../../../../../../aarch64-apple-darwin25/include"
ignoring duplicate directory "/opt/homebrew/Cellar/gcc/15.2.0_1/bin/../lib/gcc/current/gcc/../../../../lib/gcc/current/gcc/aarch64-apple-darwin25/15/../../../../../../include/c++/15"
ignoring duplicate directory "/opt/homebrew/Cellar/gcc/15.2.0_1/bin/../lib/gcc/current/gcc/../../../../lib/gcc/current/gcc/aarch64-apple-darwin25/15/../../../../../../include/c++/15/aarch64-apple-darwin25"
ignoring duplicate directory "/opt/homebrew/Cellar/gcc/15.2.0_1/bin/../lib/gcc/current/gcc/../../../../lib/gcc/current/gcc/aarch64-apple-darwin25/15/../../../../../../include/c++/15/backward"
ignoring duplicate directory "/opt/homebrew/Cellar/gcc/15.2.0_1/bin/../lib/gcc/current/gcc/../../../../lib/gcc/current/gcc/aarch64-apple-darwin25/15/include"
ignoring nonexistent directory "/Library/Developer/CommandLineTools/SDKs/MacOSX26.4.sdk/usr/local/include"
ignoring duplicate directory "/opt/homebrew/Cellar/gcc/15.2.0_1/bin/../lib/gcc/current/gcc/../../../../lib/gcc/current/gcc/aarch64-apple-darwin25/15/include-fixed"
ignoring nonexistent directory "/opt/homebrew/Cellar/gcc/15.2.0_1/bin/../lib/gcc/current/gcc/../../../../lib/gcc/current/gcc/aarch64-apple-darwin25/15/../../../../../../aarch64-apple-darwin25/include"
ignoring nonexistent directory "/Library/Developer/CommandLineTools/SDKs/MacOSX26.4.sdk/Library/Frameworks"
#include "..." search starts here:
#include <...> search starts here:
 /opt/homebrew/Cellar/gcc/15.2.0_1/bin/../lib/gcc/current/gcc/aarch64-apple-darwin25/15/../../../../../../include/c++/15
 /opt/homebrew/Cellar/gcc/15.2.0_1/bin/../lib/gcc/current/gcc/aarch64-apple-darwin25/15/../../../../../../include/c++/15/aarch64-apple-darwin25
 /opt/homebrew/Cellar/gcc/15.2.0_1/bin/../lib/gcc/current/gcc/aarch64-apple-darwin25/15/../../../../../../include/c++/15/backward
 /opt/homebrew/Cellar/gcc/15.2.0_1/bin/../lib/gcc/current/gcc/aarch64-apple-darwin25/15/include
 /opt/homebrew/Cellar/gcc/15.2.0_1/bin/../lib/gcc/current/gcc/aarch64-apple-darwin25/15/include-fixed
 /Library/Developer/CommandLineTools/SDKs/MacOSX26.4.sdk/usr/include
 /Library/Developer/CommandLineTools/SDKs/MacOSX26.4.sdk/System/Library/Frameworks
End of search list.
Compiler executable checksum: a37d1cd6599b6720a977e39427c2228b
COLLECT_GCC_OPTIONS='-isysroot' '/Library/Developer/CommandLineTools/SDKs/MacOSX26.4.sdk' '-v' '-o' 'CMakeFiles/cmTC_e387d.dir/CMakeCXXCompilerABI.cpp.o' '-c' '-mmacosx-version-min=26.0.0'  '-nodefaultexport' '-mcpu=apple-m1' '-mlittle-endian' '-mabi=lp64' '-dumpdir' 'CMakeFiles/cmTC_e387d.dir/'
 as -arch arm64 -v -mmacosx-version-min=26.0 -o CMakeFiles/cmTC_e387d.dir/CMakeCXXCompilerABI.cpp.o /var/folders/x4/2m4tyfh17tn83fvyv_wysqgh0000gq/T//ccQ92bct.s
Apple clang version 21.0.0 (clang-2100.0.123.102)
Target: arm64-apple-darwin25.4.0
Thread model: posix
InstalledDir: /Library/Developer/CommandLineTools/usr/bin
 "/Library/Developer/CommandLineTools/usr/bin/clang" -cc1as -triple arm64-apple-macosx26.0.0 -target-sdk-version=26.4 -filetype obj -main-file-name ccQ92bct.s -target-cpu apple-m1 -target-feature +v8.5a -target-feature +aes -target-feature +altnzcv -target-feature +ccdp -target-feature +ccpp -target-feature +complxnum -target-feature +crc -target-feature +dotprod -target-feature +flagm -target-feature +fp-armv8 -target-feature +fp16fml -target-feature +fptoint -target-feature +fullfp16 -target-feature +jsconv -target-feature +lse -target-feature +neon -target-feature +pauth -target-feature +perfmon -target-feature +predres -target-feature +ras -target-feature +rcpc -target-feature +rdm -target-feature +sb -target-feature +sha2 -target-feature +sha3 -target-feature +specrestrict -target-feature +ssbs -fdebug-compilation-dir=/Users/hilays79/Fourier_Space/codes/PFB_cpp/build/CMakeFiles/CMakeTmp -dwarf-debug-producer "Apple clang version 21.0.0 (clang-2100.0.123.102)" -dwarf-version=5 -mrelocation-model pic -o CMakeFiles/cmTC_e387d.dir/CMakeCXXCompilerABI.cpp.o /var/folders/x4/2m4tyfh17tn83fvyv_wysqgh0000gq/T//ccQ92bct.s
COMPILER_PATH=/opt/homebrew/Cellar/gcc/15.2.0_1/bin/../libexec/gcc/aarch64-apple-darwin25/15/:/opt/homebrew/Cellar/gcc/15.2.0_1/bin/../libexec/gcc/
LIBRARY_PATH=/opt/homebrew/Cellar/gcc/15.2.0_1/bin/../lib/gcc/current/gcc/aarch64-apple-darwin25/15/:/opt/homebrew/Cellar/gcc/15.2.0_1/bin/../lib/gcc/current/gcc/:/opt/homebrew/Cellar/gcc/15.2.0_1/bin/../lib/gcc/current/gcc/aarch64-apple-darwin25/15/../../../
COLLECT_GCC_OPTIONS='-isysroot' '/Library/Developer/CommandLineTools/SDKs/MacOSX26.4.sdk' '-v' '-o' 'CMakeFiles/cmTC_e387d.dir/CMakeCXXCompilerABI.cpp.o' '-c' '-mmacosx-version-min=26.0.0'  '-nodefaultexport' '-mcpu=apple-m1' '-mlittle-endian' '-mabi=lp64' '-dumpdir' 'CMakeFiles/cmTC_e387d.dir/CMakeCXXCompilerABI.cpp.'
Linking CXX executable cmTC_e387d
/opt/local/bin/cmake -E cmake_link_script CMakeFiles/cmTC_e387d.dir/link.txt --verbose=1
/opt/homebrew/bin/g++-15  -arch arm64 -isysroot /Library/Developer/CommandLineTools/SDKs/MacOSX26.4.sdk -Wl,-search_paths_first -Wl,-headerpad_max_install_names  -v -Wl,-v CMakeFiles/cmTC_e387d.dir/CMakeCXXCompilerABI.cpp.o -o cmTC_e387d 
Using built-in specs.
COLLECT_GCC=/opt/homebrew/bin/g++-15
COLLECT_LTO_WRAPPER=/opt/homebrew/Cellar/gcc/15.2.0_1/bin/../libexec/gcc/aarch64-apple-darwin25/15/lto-wrapper
Target: aarch64-apple-darwin25
Configured with: ../configure --prefix=/opt/homebrew/opt/gcc --libdir=/opt/homebrew/opt/gcc/lib/gcc/current --disable-nls --enable-checking=release --with-gcc-major-version-only --enable-languages=c,c++,objc,obj-c++,fortran --program-suffix=-15 --with-gmp=/opt/homebrew/opt/gmp --with-mpfr=/opt/homebrew/opt/mpfr --with-mpc=/opt/homebrew/opt/libmpc --with-isl=/opt/homebrew/opt/isl --with-zstd=/opt/homebrew/opt/zstd --with-pkgversion='Homebrew GCC 15.2.0_1' --with-bugurl=https://github.com/Homebrew/homebrew-core/issues --with-system-zlib --build=aarch64-apple-darwin25 --with-sysroot=/Library/Developer/CommandLineTools/SDKs/MacOSX26.sdk
Thread model: posix
Supported LTO compression algorithms: zlib zstd
gcc version 15.2.0 (Homebrew GCC 15.2.0_1) 
COMPILER_PATH=/opt/homebrew/Cellar/gcc/15.2.0_1/bin/../libexec/gcc/aarch64-apple-darwin25/15/:/opt/homebrew/Cellar/gcc/15.2.0_1/bin/../libexec/gcc/
LIBRARY_PATH=/opt/homebrew/Cellar/gcc/15.2.0_1/bin/../lib/gcc/current/gcc/aarch64-apple-darwin25/15/:/opt/homebrew/Cellar/gcc/15.2.0_1/bin/../lib/gcc/current/gcc/:/opt/homebrew/Cellar/gcc/15.2.0_1/bin/../lib/gcc/current/gcc/aarch64-apple-darwin25/15/../../../
COLLECT_GCC_OPTIONS='-isysroot' '/Library/Developer/CommandLineTools/SDKs/MacOSX26.4.sdk' '-v' '-o' 'cmTC_e387d' '-mmacosx-version-min=26.0.0' '-asm_macosx_version_min=26.0' '-nodefaultexport' '-mcpu=apple-m1' '-mlittle-endian' '-mabi=lp64' '-dumpdir' 'cmTC_e387d.'
 /opt/homebrew/Cellar/gcc/15.2.0_1/bin/../libexec/gcc/aarch64-apple-darwin25/15/collect2 -demangle -dynamic -arch arm64 -syslibroot /Library/Developer/CommandLineTools/SDKs/MacOSX26.4.sdk -macos_version_min 26.0.0 -o cmTC_e387d -L/opt/homebrew/Cellar/gcc/15.2.0_1/bin/../lib/gcc/current/gcc/aarch64-apple-darwin25/15 -L/opt/homebrew/Cellar/gcc/15.2.0_1/bin/../lib/gcc/current/gcc -L/opt/homebrew/Cellar/gcc/15.2.0_1/bin/../lib/gcc/current/gcc/aarch64-apple-darwin25/15/../../.. -lemutls_w -lheapt_w -search_paths_first -headerpad_max_install_names -v CMakeFiles/cmTC_e387d.dir/CMakeCXXCompilerABI.cpp.o -lstdc++ -lgcc -lSystem -no_compact_unwind -rpath @loader_path -rpath /opt/homebrew/Cellar/gcc/15.2.0_1/lib/gcc/current/gcc/aarch64-apple-darwin25/15 -rpath /opt/homebrew/Cellar/gcc/15.2.0_1/lib/gcc/current/gcc -rpath /opt/homebrew/Cellar/gcc/15.2.0_1/lib/gcc/current
collect2 version 15.2.0
/opt/local/bin/ld -demangle -dynamic -arch arm64 -syslibroot /Library/Developer/CommandLineTools/SDKs/MacOSX26.4.sdk -macos_version_min 26.0.0 -o cmTC_e387d -L/opt/homebrew/Cellar/gcc/15.2.0_1/bin/../lib/gcc/current/gcc/aarch64-apple-darwin25/15 -L/opt/homebrew/Cellar/gcc/15.2.0_1/bin/../lib/gcc/current/gcc -L/opt/homebrew/Cellar/gcc/15.2.0_1/bin/../lib/gcc/current/gcc/aarch64-apple-darwin25/15/../../.. -lemutls_w -lheapt_w -search_paths_first -headerpad_max_install_names -v CMakeFiles/cmTC_e387d.dir/CMakeCXXCompilerABI.cpp.o -lstdc++ -lgcc -lSystem -no_compact_unwind -rpath @loader_path -rpath /opt/homebrew/Cellar/gcc/15.2.0_1/lib/gcc/current/gcc/aarch64-apple-darwin25/15 -rpath /opt/homebrew/Cellar/gcc/15.2.0_1/lib/gcc/current/gcc -rpath /opt/homebrew/Cellar/gcc/15.2.0_1/lib/gcc/current
@(#)PROGRAM:ld PROJECT:ld-1266.8
BUILD 01:30:17 Apr  9 2026
configured to support archs: armv6 armv7 armv7s arm64 arm64e arm64_32 i386 x86_64 x86_64h armv6m armv7k armv7m armv7em armv8m.main armv8.1m.main
will use ld-classic for: armv6 armv7 armv7s i386 armv6m armv7k armv7m armv7em
LTO support using: LLVM version 21.0.0 (static support for 30, runtime is 30)
TAPI support using: Apple TAPI version 21.0.0 (tapi-2100.0.2.6)
Library search paths:
	/opt/homebrew/Cellar/gcc/15.2.0_1/lib/gcc/current/gcc/aarch64-apple-darwin25/15
	/opt/homebrew/Cellar/gcc/15.2.0_1/lib/gcc/current/gcc
	/opt/homebrew/Cellar/gcc/15.2.0_1/lib/gcc/current
	/Library/Developer/CommandLineTools/SDKs/MacOSX26.4.sdk/usr/lib
	/Library/Developer/CommandLineTools/SDKs/MacOSX26.4.sdk/usr/lib/swift
Framework search paths:
	/Library/Developer/CommandLineTools/SDKs/MacOSX26.4.sdk/System/Library/Frameworks



Parsed CXX implicit include dir info from above output: rv=done
  found start of include info
  found start of implicit include info
    add: [/opt/homebrew/Cellar/gcc/15.2.0_1/bin/../lib/gcc/current/gcc/aarch64-apple-darwin25/15/../../../../../../include/c++/15]
    add: [/opt/homebrew/Cellar/gcc/15.2.0_1/bin/../lib/gcc/current/gcc/aarch64-apple-darwin25/15/../../../../../../include/c++/15/aarch64-apple-darwin25]
    add: [/opt/homebrew/Cellar/gcc/15.2.0_1/bin/../lib/gcc/current/gcc/aarch64-apple-darwin25/15/../../../../../../include/c++/15/backward]
    add: [/opt/homebrew/Cellar/gcc/15.2.0_1/bin/../lib/gcc/current/gcc/aarch64-apple-darwin25/15/include]
    add: [/opt/homebrew/Cellar/gcc/15.2.0_1/bin/../lib/gcc/current/gcc/aarch64-apple-darwin25/15/include-fixed]
    add: [/Library/Developer/CommandLineTools/SDKs/MacOSX26.4.sdk/usr/include]
    add: [/Library/Developer/CommandLineTools/SDKs/MacOSX26.4.sdk/System/Library/Frameworks]
  end of search list found
  collapse include dir [/opt/homebrew/Cellar/gcc/15.2.0_1/bin/../lib/gcc/current/gcc/aarch64-apple-darwin25/15/../../../../../../include/c++/15] ==> [/opt/homebrew/Cellar/gcc/15.2.0_1/include/c++/15]
  collapse include dir [/opt/homebrew/Cellar/gcc/15.2.0_1/bin/../lib/gcc/current/gcc/aarch64-apple-darwin25/15/../../../../../../include/c++/15/aarch64-apple-darwin25] ==> [/opt/homebrew/Cellar/gcc/15.2.0_1/include/c++/15/aarch64-apple-darwin25]
  collapse include dir [/opt/homebrew/Cellar/gcc/15.2.0_1/bin/../lib/gcc/current/gcc/aarch64-apple-darwin25/15/../../../../../../include/c++/15/backward] ==> [/opt/homebrew/Cellar/gcc/15.2.0_1/include/c++/15/backward]
  collapse include dir [/opt/homebrew/Cellar/gcc/15.2.0_1/bin/../lib/gcc/current/gcc/aarch64-apple-darwin25/15/include] ==> [/opt/homebrew/Cellar/gcc/15.2.0_1/lib/gcc/current/gcc/aarch64-apple-darwin25/15/include]
  collapse include dir [/opt/homebrew/Cellar/gcc/15.2.0_1/bin/../lib/gcc/current/gcc/aarch64-apple-darwin25/15/include-fixed] ==> [/opt/homebrew/Cellar/gcc/15.2.0_1/lib/gcc/current/gcc/aarch64-apple-darwin25/15/include-fixed]
  collapse include dir [/Library/Developer/CommandLineTools/SDKs/MacOSX26.4.sdk/usr/include] ==> [/Library/Developer/CommandLineTools/SDKs/MacOSX26.4.sdk/usr/include]
  collapse include dir [/Library/Developer/CommandLineTools/SDKs/MacOSX26.4.sdk/System/Library/Frameworks] ==> [/Library/Developer/CommandLineTools/SDKs/MacOSX26.4.sdk/System/Library/Frameworks]
  implicit include dirs: [/opt/homebrew/Cellar/gcc/15.2.0_1/include/c++/15;/opt/homebrew/Cellar/gcc/15.2.0_1/include/c++/15/aarch64-apple-darwin25;/opt/homebrew/Cellar/gcc/15.2.0_1/include/c++/15/backward;/opt/homebrew/Cellar/gcc/15.2.0_1/lib/gcc/current/gcc/aarch64-apple-darwin25/15/include;/opt/homebrew/Cellar/gcc/15.2.0_1/lib/gcc/current/gcc/aarch64-apple-darwin25/15/include-fixed;/Library/Developer/CommandLineTools/SDKs/MacOSX26.4.sdk/usr/include;/Library/Developer/CommandLineTools/SDKs/MacOSX26.4.sdk/System/Library/Frameworks]


Parsed CXX implicit link information from above output:
  link line regex: [^( *|.*[/\])(ld|CMAKE_LINK_STARTFILE-NOTFOUND|([^/\]+-)?ld|collect2)[^/\]*( |$)]
  ignore line: [Change Dir: /Users/hilays79/Fourier_Space/codes/PFB_cpp/build/CMakeFiles/CMakeTmp]
  ignore line: []
  ignore line: [Run Build Command(s):/usr/bin/make -f Makefile cmTC_e387d/fast && /Library/Developer/CommandLineTools/usr/bin/make  -f CMakeFiles/cmTC_e387d.dir/build.make CMakeFiles/cmTC_e387d.dir/build]
  ignore line: [Building CXX object CMakeFiles/cmTC_e387d.dir/CMakeCXXCompilerABI.cpp.o]
  ignore line: [/opt/homebrew/bin/g++-15   -arch arm64 -isysroot /Library/Developer/CommandLineTools/SDKs/MacOSX26.4.sdk   -v -Wl -v -o CMakeFiles/cmTC_e387d.dir/CMakeCXXCompilerABI.cpp.o -c /opt/local/share/cmake-3.24/Modules/CMakeCXXCompilerABI.cpp]
  ignore line: [Using built-in specs.]
  ignore line: [COLLECT_GCC=/opt/homebrew/bin/g++-15]
  ignore line: [Target: aarch64-apple-darwin25]
  ignore line: [Configured with: ../configure --prefix=/opt/homebrew/opt/gcc --libdir=/opt/homebrew/opt/gcc/lib/gcc/current --disable-nls --enable-checking=release --with-gcc-major-version-only --enable-languages=c c++ objc obj-c++ fortran --program-suffix=-15 --with-gmp=/opt/homebrew/opt/gmp --with-mpfr=/opt/homebrew/opt/mpfr --with-mpc=/opt/homebrew/opt/libmpc --with-isl=/opt/homebrew/opt/isl --with-zstd=/opt/homebrew/opt/zstd --with-pkgversion='Homebrew GCC 15.2.0_1' --with-bugurl=https://github.com/Homebrew/homebrew-core/issues --with-system-zlib --build=aarch64-apple-darwin25 --with-sysroot=/Library/Developer/CommandLineTools/SDKs/MacOSX26.sdk]
  ignore line: [Thread model: posix]
  ignore line: [Supported LTO compression algorithms: zlib zstd]
  ignore line: [gcc version 15.2.0 (Homebrew GCC 15.2.0_1) ]
  ignore line: [COLLECT_GCC_OPTIONS='-isysroot' '/Library/Developer/CommandLineTools/SDKs/MacOSX26.4.sdk' '-v' '-o' 'CMakeFiles/cmTC_e387d.dir/CMakeCXXCompilerABI.cpp.o' '-c' '-mmacosx-version-min=26.0.0' '-asm_macosx_version_min=26.0' '-nodefaultexport' '-mcpu=apple-m1' '-mlittle-endian' '-mabi=lp64' '-dumpdir' 'CMakeFiles/cmTC_e387d.dir/']
  ignore line: [ /opt/homebrew/Cellar/gcc/15.2.0_1/bin/../libexec/gcc/aarch64-apple-darwin25/15/cc1plus -quiet -v -iprefix /opt/homebrew/Cellar/gcc/15.2.0_1/bin/../lib/gcc/current/gcc/aarch64-apple-darwin25/15/ -D__DYNAMIC__ -isysroot /Library/Developer/CommandLineTools/SDKs/MacOSX26.4.sdk /opt/local/share/cmake-3.24/Modules/CMakeCXXCompilerABI.cpp -fPIC -quiet -dumpdir CMakeFiles/cmTC_e387d.dir/ -dumpbase CMakeCXXCompilerABI.cpp.cpp -dumpbase-ext .cpp -mmacosx-version-min=26.0.0 -mcpu=apple-m1 -mlittle-endian -mabi=lp64 -version -o /var/folders/x4/2m4tyfh17tn83fvyv_wysqgh0000gq/T//ccQ92bct.s]
  ignore line: [GNU C++17 (Homebrew GCC 15.2.0_1) version 15.2.0 (aarch64-apple-darwin25)]
  ignore line: [	compiled by GNU C version 15.2.0  GMP version 6.3.0  MPFR version 4.2.2  MPC version 1.3.1  isl version isl-0.27-GMP]
  ignore line: []
  ignore line: [warning: MPC header version 1.3.1 differs from library version 1.4.1.]
  ignore line: [GGC heuristics: --param ggc-min-expand=100 --param ggc-min-heapsize=131072]
  ignore line: [ignoring nonexistent directory "/opt/homebrew/Cellar/gcc/15.2.0_1/bin/../lib/gcc/current/gcc/aarch64-apple-darwin25/15/../../../../../../aarch64-apple-darwin25/include"]
  ignore line: [ignoring duplicate directory "/opt/homebrew/Cellar/gcc/15.2.0_1/bin/../lib/gcc/current/gcc/../../../../lib/gcc/current/gcc/aarch64-apple-darwin25/15/../../../../../../include/c++/15"]
  ignore line: [ignoring duplicate directory "/opt/homebrew/Cellar/gcc/15.2.0_1/bin/../lib/gcc/current/gcc/../../../../lib/gcc/current/gcc/aarch64-apple-darwin25/15/../../../../../../include/c++/15/aarch64-apple-darwin25"]
  ignore line: [ignoring duplicate directory "/opt/homebrew/Cellar/gcc/15.2.0_1/bin/../lib/gcc/current/gcc/../../../../lib/gcc/current/gcc/aarch64-apple-darwin25/15/../../../../../../include/c++/15/backward"]
  ignore line: [ignoring duplicate directory "/opt/homebrew/Cellar/gcc/15.2.0_1/bin/../lib/gcc/current/gcc/../../../../lib/gcc/current/gcc/aarch64-apple-darwin25/15/include"]
  ignore line: [ignoring nonexistent directory "/Library/Developer/CommandLineTools/SDKs/MacOSX26.4.sdk/usr/local/include"]
  ignore line: [ignoring duplicate directory "/opt/homebrew/Cellar/gcc/15.2.0_1/bin/../lib/gcc/current/gcc/../../../../lib/gcc/current/gcc/aarch64-apple-darwin25/15/include-fixed"]
  ignore line: [ignoring nonexistent directory "/opt/homebrew/Cellar/gcc/15.2.0_1/bin/../lib/gcc/current/gcc/../../../../lib/gcc/current/gcc/aarch64-apple-darwin25/15/../../../../../../aarch64-apple-darwin25/include"]
  ignore line: [ignoring nonexistent directory "/Library/Developer/CommandLineTools/SDKs/MacOSX26.4.sdk/Library/Frameworks"]
  ignore line: [#include "..." search starts here:]
  ignore line: [#include <...> search starts here:]
  ignore line: [ /opt/homebrew/Cellar/gcc/15.2.0_1/bin/../lib/gcc/current/gcc/aarch64-apple-darwin25/15/../../../../../../include/c++/15]
  ignore line: [ /opt/homebrew/Cellar/gcc/15.2.0_1/bin/../lib/gcc/current/gcc/aarch64-apple-darwin25/15/../../../../../../include/c++/15/aarch64-apple-darwin25]
  ignore line: [ /opt/homebrew/Cellar/gcc/15.2.0_1/bin/../lib/gcc/current/gcc/aarch64-apple-darwin25/15/../../../../../../include/c++/15/backward]
  ignore line: [ /opt/homebrew/Cellar/gcc/15.2.0_1/bin/../lib/gcc/current/gcc/aarch64-apple-darwin25/15/include]
  ignore line: [ /opt/homebrew/Cellar/gcc/15.2.0_1/bin/../lib/gcc/current/gcc/aarch64-apple-darwin25/15/include-fixed]
  ignore line: [ /Library/Developer/CommandLineTools/SDKs/MacOSX26.4.sdk/usr/include]
  ignore line: [ /Library/Developer/CommandLineTools/SDKs/MacOSX26.4.sdk/System/Library/Frameworks]
  ignore line: [End of search list.]
  ignore line: [Compiler executable checksum: a37d1cd6599b6720a977e39427c2228b]
  ignore line: [COLLECT_GCC_OPTIONS='-isysroot' '/Library/Developer/CommandLineTools/SDKs/MacOSX26.4.sdk' '-v' '-o' 'CMakeFiles/cmTC_e387d.dir/CMakeCXXCompilerABI.cpp.o' '-c' '-mmacosx-version-min=26.0.0'  '-nodefaultexport' '-mcpu=apple-m1' '-mlittle-endian' '-mabi=lp64' '-dumpdir' 'CMakeFiles/cmTC_e387d.dir/']
  ignore line: [ as -arch arm64 -v -mmacosx-version-min=26.0 -o CMakeFiles/cmTC_e387d.dir/CMakeCXXCompilerABI.cpp.o /var/folders/x4/2m4tyfh17tn83fvyv_wysqgh0000gq/T//ccQ92bct.s]
  ignore line: [Apple clang version 21.0.0 (clang-2100.0.123.102)]
  ignore line: [Target: arm64-apple-darwin25.4.0]
  ignore line: [Thread model: posix]
  ignore line: [InstalledDir: /Library/Developer/CommandLineTools/usr/bin]
  ignore line: [ "/Library/Developer/CommandLineTools/usr/bin/clang" -cc1as -triple arm64-apple-macosx26.0.0 -target-sdk-version=26.4 -filetype obj -main-file-name ccQ92bct.s -target-cpu apple-m1 -target-feature +v8.5a -target-feature +aes -target-feature +altnzcv -target-feature +ccdp -target-feature +ccpp -target-feature +complxnum -target-feature +crc -target-feature +dotprod -target-feature +flagm -target-feature +fp-armv8 -target-feature +fp16fml -target-feature +fptoint -target-feature +fullfp16 -target-feature +jsconv -target-feature +lse -target-feature +neon -target-feature +pauth -target-feature +perfmon -target-feature +predres -target-feature +ras -target-feature +rcpc -target-feature +rdm -target-feature +sb -target-feature +sha2 -target-feature +sha3 -target-feature +specrestrict -target-feature +ssbs -fdebug-compilation-dir=/Users/hilays79/Fourier_Space/codes/PFB_cpp/build/CMakeFiles/CMakeTmp -dwarf-debug-producer "Apple clang version 21.0.0 (clang-2100.0.123.102)" -dwarf-version=5 -mrelocation-model pic -o CMakeFiles/cmTC_e387d.dir/CMakeCXXCompilerABI.cpp.o /var/folders/x4/2m4tyfh17tn83fvyv_wysqgh0000gq/T//ccQ92bct.s]
  ignore line: [COMPILER_PATH=/opt/homebrew/Cellar/gcc/15.2.0_1/bin/../libexec/gcc/aarch64-apple-darwin25/15/:/opt/homebrew/Cellar/gcc/15.2.0_1/bin/../libexec/gcc/]
  ignore line: [LIBRARY_PATH=/opt/homebrew/Cellar/gcc/15.2.0_1/bin/../lib/gcc/current/gcc/aarch64-apple-darwin25/15/:/opt/homebrew/Cellar/gcc/15.2.0_1/bin/../lib/gcc/current/gcc/:/opt/homebrew/Cellar/gcc/15.2.0_1/bin/../lib/gcc/current/gcc/aarch64-apple-darwin25/15/../../../]
  ignore line: [COLLECT_GCC_OPTIONS='-isysroot' '/Library/Developer/CommandLineTools/SDKs/MacOSX26.4.sdk' '-v' '-o' 'CMakeFiles/cmTC_e387d.dir/CMakeCXXCompilerABI.cpp.o' '-c' '-mmacosx-version-min=26.0.0'  '-nodefaultexport' '-mcpu=apple-m1' '-mlittle-endian' '-mabi=lp64' '-dumpdir' 'CMakeFiles/cmTC_e387d.dir/CMakeCXXCompilerABI.cpp.']
  ignore line: [Linking CXX executable cmTC_e387d]
  ignore line: [/opt/local/bin/cmake -E cmake_link_script CMakeFiles/cmTC_e387d.dir/link.txt --verbose=1]
  ignore line: [/opt/homebrew/bin/g++-15  -arch arm64 -isysroot /Library/Developer/CommandLineTools/SDKs/MacOSX26.4.sdk -Wl -search_paths_first -Wl -headerpad_max_install_names  -v -Wl -v CMakeFiles/cmTC_e387d.dir/CMakeCXXCompilerABI.cpp.o -o cmTC_e387d ]
  ignore line: [Using built-in specs.]
  ignore line: [COLLECT_GCC=/opt/homebrew/bin/g++-15]
  ignore line: [COLLECT_LTO_WRAPPER=/opt/homebrew/Cellar/gcc/15.2.0_1/bin/../libexec/gcc/aarch64-apple-darwin25/15/lto-wrapper]
  ignore line: [Target: aarch64-apple-darwin25]
  ignore line: [Configured with: ../configure --prefix=/opt/homebrew/opt/gcc --libdir=/opt/homebrew/opt/gcc/lib/gcc/current --disable-nls --enable-checking=release --with-gcc-major-version-only --enable-languages=c c++ objc obj-c++ fortran --program-suffix=-15 --with-gmp=/opt/homebrew/opt/gmp --with-mpfr=/opt/homebrew/opt/mpfr --with-mpc=/opt/homebrew/opt/libmpc --with-isl=/opt/homebrew/opt/isl --with-zstd=/opt/homebrew/opt/zstd --with-pkgversion='Homebrew GCC 15.2.0_1' --with-bugurl=https://github.com/Homebrew/homebrew-core/issues --with-system-zlib --build=aarch64-apple-darwin25 --with-sysroot=/Library/Developer/CommandLineTools/SDKs/MacOSX26.sdk]
  ignore line: [Thread model: posix]
  ignore line: [Supported LTO compression algorithms: zlib zstd]
  ignore line: [gcc version 15.2.0 (Homebrew GCC 15.2.0_1) ]
  ignore line: [COMPILER_PATH=/opt/homebrew/Cellar/gcc/15.2.0_1/bin/../libexec/gcc/aarch64-apple-darwin25/15/:/opt/homebrew/Cellar/gcc/15.2.0_1/bin/../libexec/gcc/]
  ignore line: [LIBRARY_PATH=/opt/homebrew/Cellar/gcc/15.2.0_1/bin/../lib/gcc/current/gcc/aarch64-apple-darwin25/15/:/opt/homebrew/Cellar/gcc/15.2.0_1/bin/../lib/gcc/current/gcc/:/opt/homebrew/Cellar/gcc/15.2.0_1/bin/../lib/gcc/current/gcc/aarch64-apple-darwin25/15/../../../]
  ignore line: [COLLECT_GCC_OPTIONS='-isysroot' '/Library/Developer/CommandLineTools/SDKs/MacOSX26.4.sdk' '-v' '-o' 'cmTC_e387d' '-mmacosx-version-min=26.0.0' '-asm_macosx_version_min=26.0' '-nodefaultexport' '-mcpu=apple-m1' '-mlittle-endian' '-mabi=lp64' '-dumpdir' 'cmTC_e387d.']
  link line: [ /opt/homebrew/Cellar/gcc/15.2.0_1/bin/../libexec/gcc/aarch64-apple-darwin25/15/collect2 -demangle -dynamic -arch arm64 -syslibroot /Library/Developer/CommandLineTools/SDKs/MacOSX26.4.sdk -macos_version_min 26.0.0 -o cmTC_e387d -L/opt/homebrew/Cellar/gcc/15.2.0_1/bin/../lib/gcc/current/gcc/aarch64-apple-darwin25/15 -L/opt/homebrew/Cellar/gcc/15.2.0_1/bin/../lib/gcc/current/gcc -L/opt/homebrew/Cellar/gcc/15.2.0_1/bin/../lib/gcc/current/gcc/aarch64-apple-darwin25/15/../../.. -lemutls_w -lheapt_w -search_paths_first -headerpad_max_install_names -v CMakeFiles/cmTC_e387d.dir/CMakeCXXCompilerABI.cpp.o -lstdc++ -lgcc -lSystem -no_compact_unwind -rpath @loader_path -rpath /opt/homebrew/Cellar/gcc/15.2.0_1/lib/gcc/current/gcc/aarch64-apple-darwin25/15 -rpath /opt/homebrew/Cellar/gcc/15.2.0_1/lib/gcc/current/gcc -rpath /opt/homebrew/Cellar/gcc/15.2.0_1/lib/gcc/current]
    arg [/opt/homebrew/Cellar/gcc/15.2.0_1/bin/../libexec/gcc/aarch64-apple-darwin25/15/collect2] ==> ignore
    arg [-demangle] ==> ignore
    arg [-dynamic] ==> ignore
    arg [-arch] ==> ignore
    arg [arm64] ==> ignore
    arg [-syslibroot] ==> ignore
    arg [/Library/Developer/CommandLineTools/SDKs/MacOSX26.4.sdk] ==> ignore
    arg [-macos_version_min] ==> ignore
    arg [26.0.0] ==> ignore
    arg [-o] ==> ignore
    arg [cmTC_e387d] ==> ignore
    arg [-L/opt/homebrew/Cellar/gcc/15.2.0_1/bin/../lib/gcc/current/gcc/aarch64-apple-darwin25/15] ==> dir [/opt/homebrew/Cellar/gcc/15.2.0_1/bin/../lib/gcc/current/gcc/aarch64-apple-darwin25/15]
    arg [-L/opt/homebrew/Cellar/gcc/15.2.0_1/bin/../lib/gcc/current/gcc] ==> dir [/opt/homebrew/Cellar/gcc/15.2.0_1/bin/../lib/gcc/current/gcc]
    arg [-L/opt/homebrew/Cellar/gcc/15.2.0_1/bin/../lib/gcc/current/gcc/aarch64-apple-darwin25/15/../../..] ==> dir [/opt/homebrew/Cellar/gcc/15.2.0_1/bin/../lib/gcc/current/gcc/aarch64-apple-darwin25/15/../../..]
    arg [-lemutls_w] ==> lib [emutls_w]
    arg [-lheapt_w] ==> lib [heapt_w]
    arg [-search_paths_first] ==> ignore
    arg [-headerpad_max_install_names] ==> ignore
    arg [-v] ==> ignore
    arg [CMakeFiles/cmTC_e387d.dir/CMakeCXXCompilerABI.cpp.o] ==> ignore
    arg [-lstdc++] ==> lib [stdc++]
    arg [-lgcc] ==> lib [gcc]
    arg [-lSystem] ==> lib [System]
    arg [-no_compact_unwind] ==> ignore
    arg [-rpath] ==> ignore
    arg [@loader_path] ==> ignore
    arg [-rpath] ==> ignore
    arg [/opt/homebrew/Cellar/gcc/15.2.0_1/lib/gcc/current/gcc/aarch64-apple-darwin25/15] ==> ignore
    arg [-rpath] ==> ignore
    arg [/opt/homebrew/Cellar/gcc/15.2.0_1/lib/gcc/current/gcc] ==> ignore
    arg [-rpath] ==> ignore
    arg [/opt/homebrew/Cellar/gcc/15.2.0_1/lib/gcc/current] ==> ignore
  Library search paths: [;/opt/homebrew/Cellar/gcc/15.2.0_1/lib/gcc/current/gcc/aarch64-apple-darwin25/15;/opt/homebrew/Cellar/gcc/15.2.0_1/lib/gcc/current/gcc;/opt/homebrew/Cellar/gcc/15.2.0_1/lib/gcc/current;/Library/Developer/CommandLineTools/SDKs/MacOSX26.4.sdk/usr/lib;/Library/Developer/CommandLineTools/SDKs/MacOSX26.4.sdk/usr/lib/swift]
  Framework search paths: [;/Library/Developer/CommandLineTools/SDKs/MacOSX26.4.sdk/System/Library/Frameworks]
  remove lib [System]
  collapse library dir [/opt/homebrew/Cellar/gcc/15.2.0_1/bin/../lib/gcc/current/gcc/aarch64-apple-darwin25/15] ==> [/opt/homebrew/Cellar/gcc/15.2.0_1/lib/gcc/current/gcc/aarch64-apple-darwin25/15]
  collapse library dir [/opt/homebrew/Cellar/gcc/15.2.0_1/bin/../lib/gcc/current/gcc] ==> [/opt/homebrew/Cellar/gcc/15.2.0_1/lib/gcc/current/gcc]
  collapse library dir [/opt/homebrew/Cellar/gcc/15.2.0_1/bin/../lib/gcc/current/gcc/aarch64-apple-darwin25/15/../../..] ==> [/opt/homebrew/Cellar/gcc/15.2.0_1/lib/gcc/current]
  collapse library dir [/opt/homebrew/Cellar/gcc/15.2.0_1/lib/gcc/current/gcc/aarch64-apple-darwin25/15] ==> [/opt/homebrew/Cellar/gcc/15.2.0_1/lib/gcc/current/gcc/aarch64-apple-darwin25/15]
  collapse library dir [/opt/homebrew/Cellar/gcc/15.2.0_1/lib/gcc/current/gcc] ==> [/opt/homebrew/Cellar/gcc/15.2.0_1/lib/gcc/current/gcc]
  collapse library dir [/opt/homebrew/Cellar/gcc/15.2.0_1/lib/gcc/current] ==> [/opt/homebrew/Cellar/gcc/15.2.0_1/lib/gcc/current]
  collapse library dir [/Library/Developer/CommandLineTools/SDKs/MacOSX26.4.sdk/usr/lib] ==> [/Library/Developer/CommandLineTools/SDKs/MacOSX26.4.sdk/usr/lib]
  collapse library dir [/Library/Developer/CommandLineTools/SDKs/MacOSX26.4.sdk/usr/lib/swift] ==> [/Library/Developer/CommandLineTools/SDKs/MacOSX26.4.sdk/usr/lib/swift]
  collapse framework dir [/Library/Developer/CommandLineTools/SDKs/MacOSX26.4.sdk/System/Library/Frameworks] ==> [/Library/Developer/CommandLineTools/SDKs/MacOSX26.4.sdk/System/Library/Frameworks]
  implicit libs: [emutls_w;heapt_w;stdc++;gcc]
  implicit objs: []
  implicit dirs: [/opt/homebrew/Cellar/gcc/15.2.0_1/lib/gcc/current/gcc/aarch64-apple-darwin25/15;/opt/homebrew/Cellar/gcc/15.2.0_1/lib/gcc/current/gcc;/opt/homebrew/Cellar/gcc/15.2.0_1/lib/gcc/current;/Library/Developer/CommandLineTools/SDKs/MacOSX26.4.sdk/usr/lib;/Library/Developer/CommandLineTools/SDKs/MacOSX26.4.sdk/usr/lib/swift]
  implicit fwks: [/Library/Developer/CommandLineTools/SDKs/MacOSX26.4.sdk/System/Library/Frameworks]


